050202020202020202020202020202020202020202020202020202020202020202020202020202020202020202020207
08                                                                                            08
08                                                                                            08
08                                                                                            08
08                                                  04                    04                  08
08                                                  08                    08                  08
08                                                  08                    08                  08
08                                                  08                    08                  08
08                                        05020202020e020202020202020202020e0202020203        08
08                                        08                                                  08
08                        01020203        08                                                  08
08                                        08                                                  08
08                                        08                                                  08
08                                        08                                                  08
08        01020203                        08        0102020202020202020202020202020202020202020b
08                                        08                                                  08
08                                        08                                                  08
08                                        08                                                  08
08                        01020203        08                                                  08
08                                        08                                                  08
08                                        09020202020202020202020202020202020202020203        08
08                                        08                                                  08
08        01020203                        08                                                  08
08                                        08                                                  08
08                                        08                                                  08
08                                        08                                                  08
08                        01020203        0c              01020202020203        010202020202020b
08                                                      0a                                    08
08                                                    0a                                      08
08                                                  0a                                        08
08        01020203                                0a                    01020203              08
08                                              0a                                            08
08                                            0a                                              08
08                                          0a                                                08
08                                        04                                                  08
0d02020202020202020202020202020202020202020e020202020202020202020202020202020202020202020202020f